{
    "id": "1",
    "userName": "dummy",
    "name": "dummy",
    "password": "ynJwP8sA",
    "email": "dummy@example.com",
    "iconUrl": "https://example.com/icon.png",
    "bio": "dummy",
    "createdAt": "2022-05-10T12:34:56Z",
    "updatedAt": "2022-05-10T12:34:56Z"
}
