{
    "id": "1",
    "userName": "dummy",
    "name": "dummy",
    "password": "ynJwP8sA_",
    "email": "exists@example.com",
    "iconUrl": "https://example.com/icon.png",
    "bio": "dummy"
}
