{
    "code": 4203,
    "developerMessage": "Email already entry",
    "userMessage": "登録できないメールアドレスです。"
}
