{
    "email": "notFound@example.com",
    "password": "ynJwP8sA_"
}
