{
    "email": "aaa",
    "password": "ynJwP8sA_"
}
