{
    "email": "dummy@example.com",
    "password": "ynJwP8sA_"
}
