{
    "id": "dummy",
    "access": "dummy",
    "refresh": "dummy"
}
