{
    "userName": "dummy",
    "password": "ynJwP8sA_"
}
