{
    "userName": "notFound",
    "password": "ynJwP8sA_"
}
