{
    "userName": "dummy",
    "name": "dummy",
    "password": "ynJwP8sA_",
    "email": "alreadyExists@example.com"
}
