{
    "userName": "alreadyExists",
    "name": "dummy",
    "password": "ynJwP8sA",
    "email": "dummy@example.com"
}
