{
    "code": 4103,
    "developerMessage": "Email already confirmed",
    "userMessage": "既に確認済みのメールアドレスです。"
}
