{
    "code": 4102,
    "developerMessage": "Confirmation code expired",
    "userMessage": "確認コードが期限切れです。"
}
