{
    "invalidField": "invalidValue",
    "code": "123456"
}
