{
    "code": 4001,
    "developerMessage": "Invalid parameter",
    "userMessage": "不明なエラーが発生しました。"
}
