{
    "code": 4201,
    "developerMessage": "User not found",
    "userMessage": "ユーザーが存在しません。"
}
