{
    "userName": "notFound",
    "code": "123456"
}
