{
    "code": 4202,
    "developerMessage": "UserName already entry",
    "userMessage": "ユーザー名が既に存在します。"
}
